[C:/Users/Fênix/Desktop/fenixgoindes/goindex/backblue.gif]
[C:/Users/Fênix/Desktop/fenixgoindes/goindex/fade.gif]
[C:/Users/Fênix/Desktop/fenixgoindes/goindex/index.html]
[C:/Users/Fênix/Desktop/fenixgoindes/goindex/cdn.jsdelivr.net/npm/font-awesome@latest/css/font-awesome.min.css]
[C:/Users/Fênix/Desktop/fenixgoindes/goindex/cdn.jsdelivr.net/npm/bulma@0.8.2/css/bulma.min.css]
[C:/Users/Fênix/Desktop/fenixgoindes/goindex/goindex-quick-install.glitch.me/script.js]
[C:/Users/Fênix/Desktop/fenixgoindes/goindex/goindex-quick-install.glitch.me/index.html]
[C:/Users/Fênix/Desktop/fenixgoindes/goindex/cdn.jsdelivr.net/npm/font-awesome@latest/css/font-awesome.min.css]
[C:/Users/Fênix/Desktop/fenixgoindes/goindex/cdn.jsdelivr.net/npm/bulma@0.8.2/css/bulma.min.css]
[C:/Users/Fênix/Desktop/fenixgoindes/goindex/goindex-quick-install.glitch.me/zh.html]
[C:/Users/Fênix/Desktop/fenixgoindes/goindex/cdn.jsdelivr.net/npm/vue@2.6.11/dist/vue.min.js]
[C:/Users/Fênix/Desktop/fenixgoindes/goindex/cdnjs.cloudflare.com/ajax/libs/clipboard.js/2.0.4/clipboard.min.js]
[C:/Users/Fênix/Desktop/fenixgoindes/goindex/hm.baidu.com/hm7cd8.js]
