[C:/Users/Fênix/Desktop/fenixgoindes/Fenix/backblue.gif]
[C:/Users/Fênix/Desktop/fenixgoindes/Fenix/fade.gif]
[C:/Users/Fênix/Desktop/fenixgoindes/Fenix/index.html]
[C:/Users/Fênix/Desktop/fenixgoindes/Fenix/cdn.jsdelivr.net/npm/font-awesome@latest/css/font-awesome.min.css]
[C:/Users/Fênix/Desktop/fenixgoindes/Fenix/cdn.jsdelivr.net/npm/bulma@0.8.2/css/bulma.min.css]
[C:/Users/Fênix/Desktop/fenixgoindes/Fenix/goindex-quick-install.glitch.me/script.js]
[C:/Users/Fênix/Desktop/fenixgoindes/Fenix/github.com/Aicirou/goindex-theme-acrou.html]
[C:/Users/Fênix/Desktop/fenixgoindes/Fenix/accounts.google.com/o/oauth2/auth.8db6b.delayed]
[C:/Users/Fênix/Desktop/fenixgoindes/Fenix/accounts.google.com/AccountChooser.94454.delayed]
[C:/Users/Fênix/Desktop/fenixgoindes/Fenix/glitch.com/edit/index.html]
[C:/Users/Fênix/Desktop/fenixgoindes/Fenix/goindex-quick-install.glitch.me/index.html]
[C:/Users/Fênix/Desktop/fenixgoindes/Fenix/cdn.jsdelivr.net/npm/font-awesome@latest/css/font-awesome.min.css]
[C:/Users/Fênix/Desktop/fenixgoindes/Fenix/cdn.jsdelivr.net/npm/bulma@0.8.2/css/bulma.min.css]
[C:/Users/Fênix/Desktop/fenixgoindes/Fenix/goindex-quick-install.glitch.me/zh.html]
[C:/Users/Fênix/Desktop/fenixgoindes/Fenix/workers.cloudflare.com/index.html]
[C:/Users/Fênix/Desktop/fenixgoindes/Fenix/accounts.google.com/ServiceLogin14e3.html]
[C:/Users/Fênix/Desktop/fenixgoindes/Fenix/github.com/Aicirou/goindex-theme-acrou.html]
[C:/Users/Fênix/Desktop/fenixgoindes/Fenix/glitch.com/edit/index.html]
[C:/Users/Fênix/Desktop/fenixgoindes/Fenix/accounts.google.com/ServiceLogin14e3.html]
[C:/Users/Fênix/Desktop/fenixgoindes/Fenix/workers.cloudflare.com/index.html]
[C:/Users/Fênix/Desktop/fenixgoindes/Fenix/cdn.jsdelivr.net/npm/vue@2.6.11/dist/vue.min.js]
[C:/Users/Fênix/Desktop/fenixgoindes/Fenix/cdnjs.cloudflare.com/ajax/libs/clipboard.js/2.0.4/clipboard.min.js]
[C:/Users/Fênix/Desktop/fenixgoindes/Fenix/hm.baidu.com/hm7cd8.js]
